// Jest Snapshot v1, https://goo.gl/fbAQLP

exports[`Creates a React-Bootsrap Component Creates a Button 1`] = `
<div>
  <button
    className="btn btn-primary"
    disabled={false}
    type="button"
  />
</div>
`;

exports[`Welcome (Snapshot) Welcome renders App.jsx 1`] = `
<div
  className="container"
>
  <div
    className="mb-4 row"
  >
    <div
      className="overview-component"
    >
      <div
        className="overview overview-image-gallery-container"
      >
        Image Gallery
        <div
          className="overview over-image-gallery-default-view"
        >
          IMG PLACEHOLDER
          <button
            className="overview overview-image-gallery-expanded-view"
            type="button"
          >
            ICON HERE
          </button>
          <div
            className="overview overview-image-gallery-thumbnails"
          >
            IMG GALLERY THUMBNAILS
          </div>
        </div>
      </div>
      <div
        className="overview overview-product-information-a"
      >
        Product Information
        <div
          className="overview overview-star-rating"
        >
          Star Rating
        </div>
        <div
          className="overview overview-product-category"
        >
          Product Category
        </div>
        <div
          className="overview overview-product-title"
        >
          Ernesto Sweatpants
        </div>
        <div
          className="overview overview-price"
        >
          $56.00
        </div>
        <div
          className="overview overview-social-media"
        >
          <img
            alt="Instagram"
            href="#"
            src="/Assets/Icons/instagram.svg"
          />
          <img
            alt="Facebook"
            href="#"
            src="/Assets/Icons/facebook.svg"
          />
          <img
            alt="Twitter"
            href="#"
            src="/Assets/Icons/twitter.svg"
          />
          <img
            alt="Pinterest"
            href="#"
            src="/Assets/Icons/pinterest.svg"
          />
        </div>
      </div>
      <div
        className="overview overview-style-selector"
      >
        Style Selector
        <div
          className="option1"
        >
          Green
        </div>
        <div
          className="option2"
        >
          Tan
        </div>
        <div
          className="option3"
        >
          Mint green
        </div>
        <div
          className="option4"
        >
          Salmon
        </div>
      </div>
      <div
        className="overview overview-add-to-cart-container"
      >
        Add to Cart
        <div
          className="overview overview-size-selector"
        >
          Size Selector
        </div>
        <div
          className="overview overview-quantity-selector"
        >
          Quantity Selector
        </div>
        <button
          className="overview overview-add-to-cart-button"
          type="button"
        >
          <img
            alt="Shopping Cart"
            href="#"
            src="/Assets/Icons/cart2.svg"
          />
          Add To Cart
        </button>
      </div>
      <div
        className="overview overview-production-information-b"
      >
        <div
          className="overview overview-product-description"
        >
          Product Description
        </div>
      </div>
    </div>
  </div>
  <div
    className="mb-4 row"
  >
    <div>
      <u>
        QA Section
      </u>
      <div>
        <input />
      </div>
      <div>
        <div>
          Q:
          Can I throw it in the ocean?
          <span>
             Helpful? Yes(#) |
          </span>
          <button>
            Answer Question
          </button>
          <div>
            <div>
              A:
              I did and it works just fine.
              <div>
                by [username], Month DD, YYYY | Helpful? Yes(#) | Report
              </div>
            </div>
            <div>
              A:
              Not very aerodynamic.
              <div>
                by [username], Month DD, YYYY | Helpful? Yes(#) | Report
              </div>
            </div>
            <button
              onClick={[Function]}
            >
              More Answers
            </button>
          </div>
        </div>
        <div>
          Q:
          Does this product work in space?
          <span>
             Helpful? Yes(#) |
          </span>
          <button>
            Answer Question
          </button>
          <div>
            <div>
              A:
              I took it to Mars last week. Works great.
              <div>
                by [username], Month DD, YYYY | Helpful? Yes(#) | Report
              </div>
            </div>
            <div>
              A:
              Aliens wont use it but great for humans.
              <div>
                by [username], Month DD, YYYY | Helpful? Yes(#) | Report
              </div>
            </div>
          </div>
        </div>
        <div>
          Q:
          Will I need show this to my friend Tom?
          <span>
             Helpful? Yes(#) |
          </span>
          <button>
            Answer Question
          </button>
          <div>
            <div>
              A:
              Under no circumstances show this to Tom.
              <div>
                by [username], Month DD, YYYY | Helpful? Yes(#) | Report
              </div>
            </div>
            <div />
          </div>
        </div>
        <div>
          Q:
          Should I be prepared for the zombie apocalypse?
          <span>
             Helpful? Yes(#) |
          </span>
          <button>
            Answer Question
          </button>
          <div>
            <div>
              A:
              Always
              <div>
                by [username], Month DD, YYYY | Helpful? Yes(#) | Report
              </div>
            </div>
            <div>
              A:
              Anything can happen in 2021.
              <div>
                by [username], Month DD, YYYY | Helpful? Yes(#) | Report
              </div>
            </div>
            <button
              onClick={[Function]}
            >
              More Answers
            </button>
          </div>
        </div>
        <button
          onClick={[Function]}
        >
          More Answered Questions
        </button>
        <button>
          Add a question
        </button>
      </div>
    </div>
  </div>
  <div
    className="mb-4 row"
  >
    <div
      className="container"
    >
      <div
        className="row"
      >
        <h2>
          Ratings and Reviews
        </h2>
      </div>
      <div
        className="row"
      >
        <div
          className="col-sm-4"
        >
          <div>
            Loading Ratings...
          </div>
        </div>
        <div
          className="col-sm-8"
        >
          <div
            className="randr-reviews-container"
          >
            <div>
              Total reviews and sorting
            </div>
            <div>
              <div>
                star rating
              </div>
              <div>
                user and date posted
              </div>
            </div>
            <div>
              review title
            </div>
            <div>
              review body
            </div>
            <div>
              helpful and report
            </div>
            <div>
              <button
                type="button"
              >
                More Reviews
              </button>
              <button
                type="button"
              >
                Add a Review
              </button>
            </div>
          </div>
        </div>
      </div>
    </div>
  </div>
</div>
`;
