// Jest Snapshot v1, https://goo.gl/fbAQLP

exports[`Welcome (Snapshot) Welcome renders App.jsx 1`] = `
<div
  className="app-container"
>
  <div
    className="overview-component"
  >
    <div
      className="overview overview-image-gallery-container"
    >
      Image Gallery
      <div
        className="overview over-image-gallery-default-view"
      >
        IMG PLACEHOLDER
        <button
          className="overview overview-image-gallery-expanded-view"
          type="button"
        >
          ICON HERE
        </button>
        <div
          className="overview overview-image-gallery-thumbnails"
        >
          IMG GALLERY THUMBNAILS
        </div>
      </div>
    </div>
    <div
      className="overview overview-product-information-a"
    >
      Production Information
      <div
        className="overview overview-star-rating"
      >
        Star Rating
      </div>
      <div
        className="overview overview-product-category"
      >
        Production Category
      </div>
      <div
        className="overview overview-product-title"
      >
        Product Title
      </div>
      <div
        className="overview overview-price"
      >
        Price
      </div>
      <div
        className="overview overview-social-media"
      >
        Social Media
      </div>
    </div>
    <div
      className="overview overview-style-selector"
    >
      Style Selector
    </div>
    <div
      className="overview overview-add-to-cart-container"
    >
      Add to Cart
      <div
        className="overview overview-size-selector"
      >
        Size Selector
      </div>
      <div
        className="overview overview-quantity-selector"
      >
        Quantity Selector
      </div>
      <button
        className="overview overview-add-to-cart-button"
        type="button"
      >
        Add to Cart Button
      </button>
    </div>
    <div
      className="overview overview-production-information-b"
    >
      <div
        className="overview overview-product-description"
      >
        Product Description
      </div>
    </div>
  </div>
  <div>
    <u>
      QA Section
    </u>
    <div>
      <div>
        Q:
        Can I throw it in the ocean?
        <div>
          <div>
            A:
            I did and it works just fine.
          </div>
          <div>
            A:
            Not very aerodynamic.
          </div>
          <div>
            A:
            I threw it farther than anything I have ever thrown
          </div>
        </div>
      </div>
      <div>
        Q:
        Does this product work in space?
        <div>
          <div>
            A:
            I took it to Mars last week. Works great.
          </div>
          <div>
            A:
            Aliens wont use it but great for humans.
          </div>
        </div>
      </div>
      <div>
        Q:
        Will I need show this to my friend Tom?
        <div>
          <div>
            A:
            Under no circumstances show this to Tom.
          </div>
        </div>
      </div>
      <div>
        Q:
        Should I be prepared for the zombie apocalypse?
        <div>
          <div>
            A:
            Always
          </div>
          <div>
            A:
            Anything can happen in 2021.
          </div>
          <div>
            A:
            Rule number 1... cardio.
          </div>
        </div>
      </div>
      <div>
        Q:
        What gives you the right?
        <div />
      </div>
    </div>
  </div>
  <div
    className="module-randr-container"
  >
    <div
      className="randr-title"
    >
      <h2>
        Ratings and Reviews
      </h2>
    </div>
    <div
      className="randr-items"
    >
      <div>
        Loading Ratings...
      </div>
      <div
        className="randr-reviews-container"
      >
        <div>
          Total reviews and sorting
        </div>
        <div>
          <div>
            star rating
          </div>
          <div>
            user and date posted
          </div>
        </div>
        <div>
          review title
        </div>
        <div>
          review body
        </div>
        <div>
          helpful and report
        </div>
        <div>
          <button
            type="button"
          >
            More Reviews
          </button>
          <button
            type="button"
          >
            Add a Review
          </button>
        </div>
      </div>
    </div>
  </div>
</div>
`;
