// Jest Snapshot v1, https://goo.gl/fbAQLP

exports[`Welcome (Snapshot) Welcome renders Hello World!!! 1`] = `
<div>
  Hello World!
  <div
    className="overview-component"
  >
    <div
      className="overview overview-image-gallery-container"
    >
      Image Gallery
      <div
        className="overview over-image-gallery-default-view"
      >
        IMG PLACEHOLDER
        <button
          className="overview overview-image-gallery-expanded-view"
          type="button"
        >
          ICON HERE
        </button>
        <div
          className="overview overview-image-gallery-thumbnails"
        >
          IMG GALLERY THUMBNAILS
        </div>
      </div>
    </div>
    <div
      className="overview overview-product-information-a"
    >
      Production Information
      <div
        className="overview overview-star-rating"
      >
        Star Rating
      </div>
      <div
        className="overview overview-product-category"
      >
        Production Category
      </div>
      <div
        className="overview overview-product-title"
      >
        Product Title
      </div>
      <div
        className="overview overview-price"
      >
        Price
      </div>
      <div
        className="overview overview-social-media"
      >
        Social Media
      </div>
    </div>
    <div
      className="overview overview-style-selector"
    >
      Style Selector
    </div>
    <div
      className="overview overview-add-to-cart-container"
    >
      Add to Cart
      <div
        className="overview overview-size-selector"
      >
        Size Selector
      </div>
      <div
        className="overview overview-quantity-selector"
      >
        Quantity Selector
      </div>
      <button
        className="overview overview-add-to-cart-button"
        type="button"
      >
        Add to Cart Button
      </button>
    </div>
    <div
      className="overview overview-production-information-b"
    >
      <div
        className="overview overview-product-description"
      >
        Product Description
      </div>
    </div>
  </div>
</div>
`;
